// Jest Snapshot v1, https://goo.gl/fbAQLP

exports[`CardContainer should return reservations cards matching snapshot 1`] = `
<section
  className="res-container"
>
  <Card
    date="12/29"
    id={1}
    key="1"
    name="Christie"
    number={12}
    time="7:00"
  />
  <Card
    date="4/5"
    id={2}
    key="2"
    name="Leta"
    number={2}
    time="7:00"
  />
  <Card
    date="1/21"
    id={3}
    key="3"
    name="Pam"
    number={4}
    time="6:00"
  />
</section>
`;
